2024-10-24 23:50:09 Loading main app package /usr/lib/obsidian/obsidian.asar
2024-10-24 23:50:15 Checking for update using Github
2024-10-24 23:50:17 Success.
2024-10-24 23:50:17 Latest version is 1.7.4
2024-10-24 23:50:17 App is up to date.
2024-10-25 00:01:22 Loading main app package /usr/lib/obsidian/obsidian.asar
2024-10-25 00:01:22 Checking for update using Github
2024-10-25 00:01:22 Success.
2024-10-25 00:01:22 Latest version is 1.7.4
2024-10-25 00:01:22 App is up to date.
2025-03-20 20:08:30 Loading main app package /usr/lib/obsidian/obsidian.asar
2025-03-20 20:08:30 Checking for update using Github
2025-03-20 20:08:30 Success.
2025-03-20 20:08:30 Latest version is 1.8.9
2025-03-20 20:08:30 App is up to date.
2025-06-13 01:53:59 Loading main app package /usr/lib/obsidian/obsidian.asar
2025-06-13 01:53:59 Checking for update using Github
2025-06-13 01:53:59 Success.
2025-06-13 01:53:59 Latest version is 1.8.10
2025-06-13 01:53:59 App is up to date.
2025-06-13 18:04:37 Checking for update using Github
2025-09-07 17:12:53 Loading main app package /usr/lib/obsidian/obsidian.asar
2025-09-07 17:12:54 Checking for update using Github
2025-09-07 17:12:54 Success.
2025-09-07 17:12:54 Latest version is 1.9.12
2025-09-07 17:12:54 App is up to date.
2025-09-07 17:25:07 Loading main app package /usr/lib/obsidian/obsidian.asar
2025-09-07 17:25:07 Checking for update using Github
2025-09-07 17:26:22 Loading main app package /usr/lib/obsidian/obsidian.asar
2025-09-07 17:26:22 Checking for update using Github
2025-09-07 17:26:55 Loading main app package /usr/lib/obsidian/obsidian.asar
2025-09-07 17:26:55 Checking for update using Github
2025-09-07 17:34:07 Loading main app package /usr/lib/obsidian/obsidian.asar
2025-09-07 17:34:08 Checking for update using Github
2025-09-07 17:34:08 Success.
2025-09-07 17:34:08 Latest version is 1.9.12
2025-09-07 17:34:08 App is up to date.
2025-09-07 17:35:01 Loading main app package /usr/lib/obsidian/obsidian.asar
2025-09-07 17:35:01 Checking for update using Github
2025-09-07 17:35:01 Success.
2025-09-07 17:35:01 Latest version is 1.9.12
2025-09-07 17:35:01 App is up to date.
2025-09-07 18:35:01 Checking for update using Github
2025-09-07 18:35:01 Success.
2025-09-07 18:35:01 Latest version is 1.9.12
2025-09-07 18:35:01 App is up to date.
2025-09-07 19:35:01 Checking for update using Github
2025-09-07 19:35:01 Success.
2025-09-07 19:35:01 Latest version is 1.9.12
2025-09-07 19:35:01 App is up to date.
2025-09-07 20:35:01 Checking for update using Github
2025-09-07 20:35:01 Success.
2025-09-07 20:35:01 Latest version is 1.9.12
2025-09-07 20:35:01 App is up to date.
2025-09-07 21:35:01 Checking for update using Github
2025-09-07 21:35:01 Success.
2025-09-07 21:35:01 Latest version is 1.9.12
2025-09-07 21:35:01 App is up to date.
2025-09-07 22:35:01 Checking for update using Github
2025-09-07 22:35:01 Success.
2025-09-07 22:35:01 Latest version is 1.9.12
2025-09-07 22:35:01 App is up to date.
2025-09-07 23:35:01 Checking for update using Github
2025-09-07 23:35:01 Success.
2025-09-07 23:35:01 Latest version is 1.9.12
2025-09-07 23:35:01 App is up to date.
2025-09-08 00:35:01 Checking for update using Github
2025-09-08 00:35:01 Success.
2025-09-08 00:35:01 Latest version is 1.9.12
2025-09-08 00:35:01 App is up to date.
2025-09-08 01:35:01 Checking for update using Github
2025-09-08 01:35:01 Success.
2025-09-08 01:35:01 Latest version is 1.9.12
2025-09-08 01:35:01 App is up to date.
2025-09-08 02:35:01 Checking for update using Github
2025-09-08 02:35:01 Success.
2025-09-08 02:35:01 Latest version is 1.9.12
2025-09-08 02:35:01 App is up to date.
2025-09-08 03:35:01 Checking for update using Github
2025-09-08 03:35:01 Success.
2025-09-08 03:35:01 Latest version is 1.9.12
2025-09-08 03:35:01 App is up to date.
2025-09-08 04:35:01 Checking for update using Github
2025-09-08 04:35:01 Success.
2025-09-08 04:35:01 Latest version is 1.9.12
2025-09-08 04:35:01 App is up to date.
2025-09-08 05:35:01 Checking for update using Github
2025-09-08 05:35:01 Success.
2025-09-08 05:35:01 Latest version is 1.9.12
2025-09-08 05:35:01 App is up to date.
2025-09-08 06:35:01 Checking for update using Github
2025-09-08 06:35:01 Success.
2025-09-08 06:35:01 Latest version is 1.9.12
2025-09-08 06:35:01 App is up to date.
2025-09-08 07:35:01 Checking for update using Github
2025-09-08 07:35:01 Success.
2025-09-08 07:35:01 Latest version is 1.9.12
2025-09-08 07:35:01 App is up to date.
2025-09-08 08:35:01 Checking for update using Github
2025-09-08 08:35:01 Success.
2025-09-08 08:35:01 Latest version is 1.9.12
2025-09-08 08:35:01 App is up to date.
2025-09-08 09:35:01 Checking for update using Github
2025-09-08 09:35:01 Success.
2025-09-08 09:35:01 Latest version is 1.9.12
2025-09-08 09:35:01 App is up to date.
2025-09-08 10:35:01 Checking for update using Github
2025-09-08 10:35:01 Success.
2025-09-08 10:35:01 Latest version is 1.9.12
2025-09-08 10:35:01 App is up to date.
2025-09-08 11:35:01 Checking for update using Github
2025-09-08 11:35:01 Success.
2025-09-08 11:35:01 Latest version is 1.9.12
2025-09-08 11:35:01 App is up to date.
2025-09-08 12:35:01 Checking for update using Github
2025-09-08 12:35:01 Success.
2025-09-08 12:35:01 Latest version is 1.9.12
2025-09-08 12:35:01 App is up to date.
2025-09-08 13:35:01 Checking for update using Github
2025-09-08 13:35:01 Success.
2025-09-08 13:35:01 Latest version is 1.9.12
2025-09-08 13:35:01 App is up to date.
2025-09-08 14:35:01 Checking for update using Github
2025-09-08 14:35:01 Success.
2025-09-08 14:35:01 Latest version is 1.9.12
2025-09-08 14:35:01 App is up to date.
2025-09-08 15:35:01 Checking for update using Github
2025-09-08 15:35:01 Success.
2025-09-08 15:35:01 Latest version is 1.9.12
2025-09-08 15:35:01 App is up to date.
2025-09-08 16:35:01 Checking for update using Github
2025-09-08 16:35:01 Success.
2025-09-08 16:35:01 Latest version is 1.9.12
2025-09-08 16:35:01 App is up to date.
2025-09-25 02:38:25 Loading main app package /usr/lib/obsidian/obsidian.asar
2025-09-25 02:38:26 Checking for update using Github
2025-09-25 02:38:26 Success.
2025-09-25 02:38:26 Latest version is 1.9.12
2025-09-25 02:38:26 App is up to date.
2025-10-12 02:22:59 Loading main app package /usr/lib/obsidian/obsidian.asar
2025-10-12 02:23:00 Checking for update using Github
2025-10-12 02:23:00 Success.
2025-10-12 02:23:00 Latest version is 1.9.14
2025-10-12 02:23:00 App is up to date.
2025-10-31 18:57:27 Loading main app package /usr/lib/obsidian/obsidian.asar
2025-10-31 18:57:27 Checking for update using Github
2025-10-31 18:57:28 Success.
2025-10-31 18:57:28 Latest version is 1.9.14
2025-10-31 18:57:28 App is up to date.
2025-12-21 22:21:48 Loading main app package /usr/lib/obsidian/obsidian.asar
2025-12-21 22:21:49 Checking for update using Github
2025-12-21 22:21:49 Success.
2025-12-21 22:21:49 Latest version is 1.10.6
2025-12-21 22:21:49 App is up to date.
2025-12-21 22:25:47 Loading main app package /usr/lib/obsidian/obsidian.asar
2025-12-21 22:25:47 Checking for update using Github
2025-12-21 22:25:48 Success.
2025-12-21 22:25:48 Latest version is 1.10.6
2025-12-21 22:25:48 App is up to date.
2025-12-21 22:25:58 Loading main app package /usr/lib/obsidian/obsidian.asar
2025-12-21 22:25:59 Checking for update using Github
2025-12-21 22:25:59 Success.
2025-12-21 22:25:59 Latest version is 1.10.6
2025-12-21 22:25:59 App is up to date.
2026-02-09 18:01:26 Loaded main app package /usr/lib/obsidian/obsidian.asar
2026-02-09 18:01:26 Checking for update using Github
2026-02-09 18:01:27 Success.
2026-02-09 18:01:27 Latest version is 1.11.7
2026-02-09 18:01:27 App is up to date.
2026-02-09 18:01:52 Checking for update using Github
2026-02-09 18:01:52 Success.
2026-02-09 18:01:52 Latest version is 1.11.7
2026-02-09 18:01:52 App is up to date.
2026-02-12 20:24:56 Loaded main app package /usr/lib/obsidian/obsidian.asar
2026-02-12 20:24:56 Checking for update using Github
2026-02-12 20:24:56 Success.
2026-02-12 20:24:56 Latest version is 1.11.7
2026-02-12 20:24:56 App is up to date.
2026-02-12 21:24:56 Checking for update using Github
2026-02-12 21:24:56 Success.
2026-02-12 21:24:56 Latest version is 1.11.7
2026-02-12 21:24:56 App is up to date.
2026-02-12 22:24:56 Checking for update using Github
2026-02-12 22:24:56 Success.
2026-02-12 22:24:56 Latest version is 1.11.7
2026-02-12 22:24:56 App is up to date.
2026-02-12 23:24:56 Checking for update using Github
2026-02-12 23:24:56 Success.
2026-02-12 23:24:56 Latest version is 1.11.7
2026-02-12 23:24:56 App is up to date.
2026-02-13 00:24:56 Checking for update using Github
2026-02-13 00:24:56 Success.
2026-02-13 00:24:56 Latest version is 1.11.7
2026-02-13 00:24:56 App is up to date.
2026-02-13 01:24:56 Checking for update using Github
2026-02-13 01:24:56 Success.
2026-02-13 01:24:56 Latest version is 1.11.7
2026-02-13 01:24:56 App is up to date.
2026-02-13 02:24:56 Checking for update using Github
2026-02-13 02:24:56 Success.
2026-02-13 02:24:56 Latest version is 1.11.7
2026-02-13 02:24:56 App is up to date.
2026-02-13 03:24:56 Checking for update using Github
2026-02-13 03:24:56 Success.
2026-02-13 03:24:56 Latest version is 1.11.7
2026-02-13 03:24:56 App is up to date.
2026-02-13 04:24:57 Checking for update using Github
2026-02-13 04:24:57 Success.
2026-02-13 04:24:57 Latest version is 1.11.7
2026-02-13 04:24:57 App is up to date.
2026-02-13 05:24:57 Checking for update using Github
2026-02-13 05:24:57 Success.
2026-02-13 05:24:57 Latest version is 1.11.7
2026-02-13 05:24:57 App is up to date.
2026-02-13 06:24:57 Checking for update using Github
2026-02-13 06:24:57 Success.
2026-02-13 06:24:57 Latest version is 1.11.7
2026-02-13 06:24:57 App is up to date.
2026-02-13 14:13:59 Checking for update using Github
2026-02-13 14:13:59 Success.
2026-02-13 14:13:59 Latest version is 1.11.7
2026-02-13 14:13:59 App is up to date.
2026-02-13 15:13:59 Checking for update using Github
2026-02-13 15:13:59 Success.
2026-02-13 15:13:59 Latest version is 1.11.7
2026-02-13 15:13:59 App is up to date.
2026-02-13 16:13:59 Checking for update using Github
2026-02-13 16:13:59 Success.
2026-02-13 16:13:59 Latest version is 1.11.7
2026-02-13 16:13:59 App is up to date.
2026-02-13 17:13:59 Checking for update using Github
2026-02-13 17:13:59 Success.
2026-02-13 17:13:59 Latest version is 1.11.7
2026-02-13 17:13:59 App is up to date.
2026-02-13 18:13:59 Checking for update using Github
2026-02-13 18:13:59 Success.
2026-02-13 18:13:59 Latest version is 1.11.7
2026-02-13 18:13:59 App is up to date.
2026-02-13 19:13:59 Checking for update using Github
2026-02-13 19:13:59 Success.
2026-02-13 19:13:59 Latest version is 1.11.7
2026-02-13 19:13:59 App is up to date.
2026-02-19 04:03:34 Loaded main app package /usr/lib/obsidian/obsidian.asar
2026-02-19 04:03:34 Checking for update using Github
2026-02-19 04:03:35 Success.
2026-02-19 04:03:35 Latest version is 1.11.7
2026-02-19 04:03:35 App is up to date.
2026-02-19 05:03:34 Checking for update using Github
2026-02-19 05:03:34 Success.
2026-02-19 05:03:34 Latest version is 1.11.7
2026-02-19 05:03:34 App is up to date.
2026-02-19 06:03:34 Checking for update using Github
2026-02-19 06:03:34 Success.
2026-02-19 06:03:34 Latest version is 1.11.7
2026-02-19 06:03:34 App is up to date.
2026-02-19 07:03:34 Checking for update using Github
2026-02-19 07:03:34 Success.
2026-02-19 07:03:34 Latest version is 1.11.7
2026-02-19 07:03:34 App is up to date.
